🚀 Setting up LNBits locally...
📦 'uv' not found globally. Setting up local bootstrap...
   Installing 'uv' into bootstrap venv...
Requirement already satisfied: uv in ./venv-bootstrap/lib/python3.13/site-packages (0.9.26)

[notice] A new release of pip is available: 25.1.1 -> 25.3
[notice] To update, run: /Users/joseberna/proyectos/Biterva/src/LNBits/lnbits/venv-bootstrap/bin/python3.13 -m pip install --upgrade pip
🍎 macOS detected. Checking for build tools...
✅ Build tools are installed.
📦 Installing Node dependencies and building assets...

up to date, audited 121 packages in 2s

15 packages are looking for funding
  run `npm fund` for details

8 vulnerabilities (4 low, 1 moderate, 2 high, 1 critical)

To address issues that do not require attention, run:
  npm audit fix

To address all issues (including breaking changes), run:
  npm audit fix --force

Run `npm audit` for details.

> sass
> ./node_modules/.bin/sass ./lnbits/static/scss/base.scss > ./lnbits/static/css/base.css


> vendor_copy
> node -e "require('./package.json').vendor.forEach((file) => require('fs').copyFileSync(file, './lnbits/static/vendor/'+file.split('/').pop()))"


> vendor_json
> node -e "require('fs').writeFileSync('./lnbits/static/vendor.json', JSON.stringify(require('./package.json').bundle))"


> vendor_bundle_css
> node -e "require('concat')(require('./package.json').bundle.css.map(a => 'lnbits/static/'+a), './lnbits/static/bundle.css')"


> vendor_bundle_js
> node -e "require('concat')(require('./package.json').bundle.js.map(a => 'lnbits/static/'+a),'./lnbits/static/bundle.js')"


> vendor_minify_css
> ./node_modules/.bin/minify ./lnbits/static/bundle.css > ./lnbits/static/bundle.min.css


> vendor_minify_js
> ./node_modules/.bin/minify ./lnbits/static/bundle.js > ./lnbits/static/bundle.min.js

🧹 Checking for processes on port 5001...
📦 Installing Python dependencies...
📦 Creating venv with Python 3.11...
📦 Upgrading pip...
Requirement already satisfied: pip in ./.venv/lib/python3.11/site-packages (25.3)
📦 Installing dependencies via pip...
Obtaining file:///Users/joseberna/proyectos/Biterva/src/LNBits/lnbits
  Installing build dependencies: started
  Installing build dependencies: finished with status 'done'
  Checking if build backend supports build_editable: started
  Checking if build backend supports build_editable: finished with status 'done'
  Getting requirements to build editable: started
  Getting requirements to build editable: finished with status 'done'
  Preparing editable metadata (pyproject.toml): started
  Preparing editable metadata (pyproject.toml): finished with status 'done'
Requirement already satisfied: bcrypt<5.0.0,>=4.1.1 in ./.venv/lib/python3.11/site-packages (from lnbits==0.12.1) (4.3.0)
Requirement already satisfied: bech32==1.2.0 in ./.venv/lib/python3.11/site-packages (from lnbits==0.12.1) (1.2.0)
Requirement already satisfied: bolt11==2.0.5 in ./.venv/lib/python3.11/site-packages (from lnbits==0.12.1) (2.0.5)
Requirement already satisfied: click==8.1.7 in ./.venv/lib/python3.11/site-packages (from lnbits==0.12.1) (8.1.7)
Requirement already satisfied: ecdsa==0.18.0 in ./.venv/lib/python3.11/site-packages (from lnbits==0.12.1) (0.18.0)
Requirement already satisfied: embit==0.7.0 in ./.venv/lib/python3.11/site-packages (from lnbits==0.12.1) (0.7.0)
Requirement already satisfied: environs==9.5.0 in ./.venv/lib/python3.11/site-packages (from lnbits==0.12.1) (9.5.0)
Requirement already satisfied: fastapi==0.109.2 in ./.venv/lib/python3.11/site-packages (from lnbits==0.12.1) (0.109.2)
Requirement already satisfied: fastapi-sso<0.10.0,>=0.9.1 in ./.venv/lib/python3.11/site-packages (from lnbits==0.12.1) (0.9.1)
Requirement already satisfied: grpcio==1.58.0 in ./.venv/lib/python3.11/site-packages (from lnbits==0.12.1) (1.58.0)
Requirement already satisfied: httpx==0.25.0 in ./.venv/lib/python3.11/site-packages (from lnbits==0.12.1) (0.25.0)
Requirement already satisfied: itsdangerous<3.0.0,>=2.1.2 in ./.venv/lib/python3.11/site-packages (from lnbits==0.12.1) (2.2.0)
Requirement already satisfied: jinja2==3.1.3 in ./.venv/lib/python3.11/site-packages (from lnbits==0.12.1) (3.1.3)
Requirement already satisfied: lnurl==0.4.2 in ./.venv/lib/python3.11/site-packages (from lnbits==0.12.1) (0.4.2)
Requirement already satisfied: loguru==0.7.2 in ./.venv/lib/python3.11/site-packages (from lnbits==0.12.1) (0.7.2)
Requirement already satisfied: packaging==23.1 in ./.venv/lib/python3.11/site-packages (from lnbits==0.12.1) (23.1)
Requirement already satisfied: passlib<2.0.0,>=1.7.4 in ./.venv/lib/python3.11/site-packages (from lnbits==0.12.1) (1.7.4)
Requirement already satisfied: protobuf==4.24.3 in ./.venv/lib/python3.11/site-packages (from lnbits==0.12.1) (4.24.3)
Requirement already satisfied: psycopg2-binary==2.9.7 in ./.venv/lib/python3.11/site-packages (from lnbits==0.12.1) (2.9.7)
Requirement already satisfied: pycryptodomex==3.19.0 in ./.venv/lib/python3.11/site-packages (from lnbits==0.12.1) (3.19.0)
Requirement already satisfied: pydantic==1.10.9 in ./.venv/lib/python3.11/site-packages (from lnbits==0.12.1) (1.10.9)
Requirement already satisfied: pyln-client==23.8 in ./.venv/lib/python3.11/site-packages (from lnbits==0.12.1) (23.8)
Requirement already satisfied: pyqrcode==1.2.1 in ./.venv/lib/python3.11/site-packages (from lnbits==0.12.1) (1.2.1)
Requirement already satisfied: python-crontab==3.0.0 in ./.venv/lib/python3.11/site-packages (from lnbits==0.12.1) (3.0.0)
Requirement already satisfied: python-jose<4.0.0,>=3.3.0 in ./.venv/lib/python3.11/site-packages (from lnbits==0.12.1) (3.5.0)
Requirement already satisfied: pywebpush==1.14.0 in ./.venv/lib/python3.11/site-packages (from lnbits==0.12.1) (1.14.0)
Requirement already satisfied: secp256k1==0.14.0 in ./.venv/lib/python3.11/site-packages (from lnbits==0.12.1) (0.14.0)
Requirement already satisfied: shortuuid==1.0.11 in ./.venv/lib/python3.11/site-packages (from lnbits==0.12.1) (1.0.11)
Requirement already satisfied: slowapi==0.1.9 in ./.venv/lib/python3.11/site-packages (from lnbits==0.12.1) (0.1.9)
Requirement already satisfied: sqlalchemy==1.3.24 in ./.venv/lib/python3.11/site-packages (from lnbits==0.12.1) (1.3.24)
Requirement already satisfied: sqlalchemy-aio==0.17.0 in ./.venv/lib/python3.11/site-packages (from lnbits==0.12.1) (0.17.0)
Requirement already satisfied: sse-starlette==1.6.5 in ./.venv/lib/python3.11/site-packages (from lnbits==0.12.1) (1.6.5)
Requirement already satisfied: typing-extensions==4.8.0 in ./.venv/lib/python3.11/site-packages (from lnbits==0.12.1) (4.8.0)
Requirement already satisfied: uvicorn==0.23.2 in ./.venv/lib/python3.11/site-packages (from lnbits==0.12.1) (0.23.2)
Requirement already satisfied: uvloop==0.17.0 in ./.venv/lib/python3.11/site-packages (from lnbits==0.12.1) (0.17.0)
Requirement already satisfied: websocket-client==1.6.3 in ./.venv/lib/python3.11/site-packages (from lnbits==0.12.1) (1.6.3)
Requirement already satisfied: websockets==11.0.3 in ./.venv/lib/python3.11/site-packages (from lnbits==0.12.1) (11.0.3)
Requirement already satisfied: base58 in ./.venv/lib/python3.11/site-packages (from bolt11==2.0.5->lnbits==0.12.1) (2.1.1)
Requirement already satisfied: bitstring in ./.venv/lib/python3.11/site-packages (from bolt11==2.0.5->lnbits==0.12.1) (4.3.1)
Requirement already satisfied: six>=1.9.0 in ./.venv/lib/python3.11/site-packages (from ecdsa==0.18.0->lnbits==0.12.1) (1.17.0)
Requirement already satisfied: marshmallow>=3.0.0 in ./.venv/lib/python3.11/site-packages (from environs==9.5.0->lnbits==0.12.1) (4.2.0)
Requirement already satisfied: python-dotenv in ./.venv/lib/python3.11/site-packages (from environs==9.5.0->lnbits==0.12.1) (1.2.1)
Requirement already satisfied: starlette<0.37.0,>=0.36.3 in ./.venv/lib/python3.11/site-packages (from fastapi==0.109.2->lnbits==0.12.1) (0.36.3)
Requirement already satisfied: certifi in ./.venv/lib/python3.11/site-packages (from httpx==0.25.0->lnbits==0.12.1) (2026.1.4)
Requirement already satisfied: httpcore<0.19.0,>=0.18.0 in ./.venv/lib/python3.11/site-packages (from httpx==0.25.0->lnbits==0.12.1) (0.18.0)
Requirement already satisfied: idna in ./.venv/lib/python3.11/site-packages (from httpx==0.25.0->lnbits==0.12.1) (3.11)
Requirement already satisfied: sniffio in ./.venv/lib/python3.11/site-packages (from httpx==0.25.0->lnbits==0.12.1) (1.3.1)
Requirement already satisfied: MarkupSafe>=2.0 in ./.venv/lib/python3.11/site-packages (from jinja2==3.1.3->lnbits==0.12.1) (3.0.3)
Requirement already satisfied: requests<3.0.0,>=2.31.0 in ./.venv/lib/python3.11/site-packages (from lnurl==0.4.2->lnbits==0.12.1) (2.32.5)
Requirement already satisfied: pyln-bolt7>=1.0 in ./.venv/lib/python3.11/site-packages (from pyln-client==23.8->lnbits==0.12.1) (1.0.246)
Requirement already satisfied: pyln-proto>=23 in ./.venv/lib/python3.11/site-packages (from pyln-client==23.8->lnbits==0.12.1) (25.12.1)
Requirement already satisfied: python-dateutil in ./.venv/lib/python3.11/site-packages (from python-crontab==3.0.0->lnbits==0.12.1) (2.9.0.post0)
Requirement already satisfied: cryptography>=2.6.1 in ./.venv/lib/python3.11/site-packages (from pywebpush==1.14.0->lnbits==0.12.1) (46.0.3)
Requirement already satisfied: http-ece>=1.1.0 in ./.venv/lib/python3.11/site-packages (from pywebpush==1.14.0->lnbits==0.12.1) (1.2.1)
Requirement already satisfied: py-vapid>=1.7.0 in ./.venv/lib/python3.11/site-packages (from pywebpush==1.14.0->lnbits==0.12.1) (1.9.4)
Requirement already satisfied: cffi>=1.3.0 in ./.venv/lib/python3.11/site-packages (from secp256k1==0.14.0->lnbits==0.12.1) (2.0.0)
Requirement already satisfied: limits>=2.3 in ./.venv/lib/python3.11/site-packages (from slowapi==0.1.9->lnbits==0.12.1) (5.6.0)
Requirement already satisfied: represent>=1.4 in ./.venv/lib/python3.11/site-packages (from sqlalchemy-aio==0.17.0->lnbits==0.12.1) (2.1)
Requirement already satisfied: outcome in ./.venv/lib/python3.11/site-packages (from sqlalchemy-aio==0.17.0->lnbits==0.12.1) (1.3.0.post0)
Requirement already satisfied: h11>=0.8 in ./.venv/lib/python3.11/site-packages (from uvicorn==0.23.2->lnbits==0.12.1) (0.14.0)
Requirement already satisfied: oauthlib>=3.1.0 in ./.venv/lib/python3.11/site-packages (from fastapi-sso<0.10.0,>=0.9.1->lnbits==0.12.1) (3.3.1)
Requirement already satisfied: anyio<5.0,>=3.0 in ./.venv/lib/python3.11/site-packages (from httpcore<0.19.0,>=0.18.0->httpx==0.25.0->lnbits==0.12.1) (4.12.1)
Requirement already satisfied: rsa!=4.1.1,!=4.4,<5.0,>=4.0 in ./.venv/lib/python3.11/site-packages (from python-jose<4.0.0,>=3.3.0->lnbits==0.12.1) (4.9.1)
Requirement already satisfied: pyasn1>=0.5.0 in ./.venv/lib/python3.11/site-packages (from python-jose<4.0.0,>=3.3.0->lnbits==0.12.1) (0.6.2)
Requirement already satisfied: charset_normalizer<4,>=2 in ./.venv/lib/python3.11/site-packages (from requests<3.0.0,>=2.31.0->lnurl==0.4.2->lnbits==0.12.1) (3.4.4)
Requirement already satisfied: urllib3<3,>=1.21.1 in ./.venv/lib/python3.11/site-packages (from requests<3.0.0,>=2.31.0->lnurl==0.4.2->lnbits==0.12.1) (2.6.3)
Requirement already satisfied: pycparser in ./.venv/lib/python3.11/site-packages (from cffi>=1.3.0->secp256k1==0.14.0->lnbits==0.12.1) (2.23)
Requirement already satisfied: deprecated>=1.2 in ./.venv/lib/python3.11/site-packages (from limits>=2.3->slowapi==0.1.9->lnbits==0.12.1) (1.3.1)
Requirement already satisfied: wrapt<3,>=1.10 in ./.venv/lib/python3.11/site-packages (from deprecated>=1.2->limits>=2.3->slowapi==0.1.9->lnbits==0.12.1) (2.0.1)
Requirement already satisfied: email-validator>=1.0.3 in ./.venv/lib/python3.11/site-packages (from pydantic[email]>=1.8.0->fastapi-sso<0.10.0,>=0.9.1->lnbits==0.12.1) (2.3.0)
Requirement already satisfied: dnspython>=2.0.0 in ./.venv/lib/python3.11/site-packages (from email-validator>=1.0.3->pydantic[email]>=1.8.0->fastapi-sso<0.10.0,>=0.9.1->lnbits==0.12.1) (2.8.0)
Requirement already satisfied: coincurve==20.0.0 in ./.venv/lib/python3.11/site-packages (from pyln-proto>=23->pyln-client==23.8->lnbits==0.12.1) (20.0.0)
Requirement already satisfied: pysocks>=1 in ./.venv/lib/python3.11/site-packages (from pyln-proto>=23->pyln-client==23.8->lnbits==0.12.1) (1.7.1)
Requirement already satisfied: asn1crypto in ./.venv/lib/python3.11/site-packages (from coincurve==20.0.0->pyln-proto>=23->pyln-client==23.8->lnbits==0.12.1) (1.5.1)
Requirement already satisfied: bitarray<4.0,>=3.0.0 in ./.venv/lib/python3.11/site-packages (from bitstring->bolt11==2.0.5->lnbits==0.12.1) (3.8.0)
Requirement already satisfied: attrs>=19.2.0 in ./.venv/lib/python3.11/site-packages (from outcome->sqlalchemy-aio==0.17.0->lnbits==0.12.1) (25.4.0)
Building wheels for collected packages: lnbits
  Building editable for lnbits (pyproject.toml): started
  Building editable for lnbits (pyproject.toml): finished with status 'done'
  Created wheel for lnbits: filename=lnbits-0.12.1-py3-none-any.whl size=2671 sha256=aa04acf5e26a8c624d0b8fdfc9a0ddf5acfd948e9c10dc50115efa1d5cce415d
  Stored in directory: /private/var/folders/qz/_tnlpfsj7p76fy7y8w75j9_m0000gn/T/pip-ephem-wheel-cache-ogzatxol/wheels/e6/a6/a2/4c131658ecb7bf364c7d4d4c236461a083edc5585df22840f2
Successfully built lnbits
Installing collected packages: lnbits
  Attempting uninstall: lnbits
    Found existing installation: lnbits 0.12.1
    Uninstalling lnbits-0.12.1:
      Successfully uninstalled lnbits-0.12.1
Successfully installed lnbits-0.12.1
🔥 Starting LNBits...
👉 Open http://localhost:5001 in your browser once started.
👉 Press Ctrl+C to stop.
2026-01-18 20:08:56.29 | INFO | Started server process [63856]
2026-01-18 20:08:56.30 | INFO | Waiting for application startup.
2026-01-18 20:08:56.32 | ERROR | cannot import name 'get_pr_from_lnurl' from 'lnbits.core.services' (/Users/joseberna/proyectos/Biterva/src/LNBits/lnbits/lnbits/core/services.py)
2026-01-18 20:08:56.32 | ERROR | Error migrating extension tpos: Please make sure that the extension `tpos` has a migrations file.
2026-01-18 20:08:56.35 | ERROR | No module named 'pynostr'
2026-01-18 20:08:56.35 | ERROR | Error migrating extension lnurlp: Please make sure that the extension `lnurlp` has a migrations file.
2026-01-18 20:08:56.38 | INFO | ✔️ All migrations done.
2026-01-18 20:08:56.38 | SUCCESS | ✔️ Admin UI is enabled. run `poetry run lnbits-cli superuser` to get the superuser.
2026-01-18 20:08:56.38 | INFO | Initialized webpush settings with generated VAPID key pair.
2026-01-18 20:08:56.38 | INFO | Pubkey: BBGFyulq_Ret_irGllk5FVNW2ksPc_uGdNmWLN2XrkdpUWbf1LT2zD3QQkkj_3OJH4c2NnTSgnRNzZL9sO53smw
2026-01-18 20:08:56.38 | INFO | Starting LNbits
2026-01-18 20:08:56.38 | INFO | Version: 0.12.1
2026-01-18 20:08:56.38 | INFO | Baseurl: http://127.0.0.1:5000/
2026-01-18 20:08:56.38 | INFO | Host: 127.0.0.1
2026-01-18 20:08:56.38 | INFO | Port: 5000
2026-01-18 20:08:56.38 | INFO | Debug: False
2026-01-18 20:08:56.38 | INFO | Site title: LNbits
2026-01-18 20:08:56.38 | INFO | Funding source: FakeWallet
2026-01-18 20:08:56.38 | INFO | Data folder: ./data
2026-01-18 20:08:56.38 | INFO | Database: SQLite
2026-01-18 20:08:56.38 | INFO | Service fee: 0.0
2026-01-18 20:08:56.38 | INFO | Service fee max: 0
2026-01-18 20:08:56.38 | INFO | Service fee wallet: None
2026-01-18 20:08:56.38 | INFO | FakeWallet funding source is for using LNbits as a centralised, stand-alone payment system with brrrrrr.
2026-01-18 20:08:56.38 | SUCCESS | ✔️ Backend FakeWallet connected and with a balance of 1000000000 msat.
2026-01-18 20:08:56.68 | INFO | Installed Extensions (4):
2026-01-18 20:08:56.68 | INFO | usermanager (0.4.1)
2026-01-18 20:08:56.68 | INFO | lndhub (0.3.2)
2026-01-18 20:08:56.68 | INFO | tpos (0.6.3)
2026-01-18 20:08:56.68 | INFO | lnurlp (0.4.4)
2026-01-18 20:08:56.74 | ERROR | Could not load extension `tpos`: cannot import name 'get_pr_from_lnurl' from 'lnbits.core.services' (/Users/joseberna/proyectos/Biterva/src/LNBits/lnbits/lnbits/core/services.py)
2026-01-18 20:08:56.75 | ERROR | Could not load extension `lnurlp`: No module named 'pynostr'
2026-01-18 20:08:56.77 | INFO | Task: checking all pending payments (incoming=True, outgoing=True) of last 15 days
2026-01-18 20:08:56.77 | INFO | Application startup complete.
2026-01-18 20:08:56.77 | INFO | Uvicorn running on http://0.0.0.0:5001 (Press CTRL+C to quit)
2026-01-18 20:08:56.78 | INFO | Task: pending check finished for 0 payments (took 0.006 s)
2026-01-18 20:08:56.78 | INFO | Task: expired invoice deletion finished (took 0.005 s)
2026-01-18 20:09:04.88 | INFO | 127.0.0.1:58556 - "GET /users HTTP/1.1" 307
2026-01-18 20:09:04.91 | INFO | 127.0.0.1:58556 - "GET /first_install HTTP/1.1" 200
2026-01-18 20:09:04.96 | INFO | 127.0.0.1:58556 - "GET /static/bundle.min.css?v=1768784935 HTTP/1.1" 200
2026-01-18 20:09:04.96 | INFO | 127.0.0.1:58558 - "GET /static/bundle.min.js?v=1768784935 HTTP/1.1" 200
2026-01-18 20:09:05.36 | INFO | 127.0.0.1:58558 - "GET /static/images/logos/lnbits.svg?v=1768784935 HTTP/1.1" 200
2026-01-18 20:09:05.36 | INFO | 127.0.0.1:58556 - "GET /static/fonts/material-icons-v50.woff2?v=1768784935 HTTP/1.1" 200
2026-01-18 20:09:05.39 | INFO | 127.0.0.1:58556 - "GET /favicon.ico HTTP/1.1" 307
2026-01-18 20:09:05.41 | INFO | 127.0.0.1:58556 - "GET /first_install HTTP/1.1" 200
2026-01-18 20:09:06.90 | INFO | 127.0.0.1:58562 - "GET /service-worker.js HTTP/1.1" 307
(trapped) error reading bcrypt version
Traceback (most recent call last):
  File "/Users/joseberna/proyectos/Biterva/src/LNBits/lnbits/.venv/lib/python3.11/site-packages/passlib/handlers/bcrypt.py", line 620, in _load_backend_mixin
    version = _bcrypt.__about__.__version__
              ^^^^^^^^^^^^^^^^^
AttributeError: module 'bcrypt' has no attribute '__about__'
2026-01-18 20:09:11.96 | INFO | 127.0.0.1:58569 - "PUT /api/v1/auth/first_install HTTP/1.1" 200
2026-01-18 20:09:12.05 | INFO | FakeWallet funding source is for using LNbits as a centralised, stand-alone payment system with brrrrrr.
2026-01-18 20:09:12.10 | INFO | 127.0.0.1:58569 - "GET /admin HTTP/1.1" 200
2026-01-18 20:09:12.15 | INFO | 127.0.0.1:58571 - "GET /static/bundle.min.css?v=1768784935 HTTP/1.1" 304
2026-01-18 20:09:12.16 | INFO | 127.0.0.1:58573 - "GET /static/bundle.min.js?v=1768784935 HTTP/1.1" 304
2026-01-18 20:09:12.17 | INFO | 127.0.0.1:58569 - "GET /static/js/admin.js?v=1768784935 HTTP/1.1" 200
2026-01-18 20:09:12.41 | INFO | 127.0.0.1:58573 - "GET /admin/api/v1/audit/ HTTP/1.1" 307
2026-01-18 20:09:12.58 | INFO | 127.0.0.1:58571 - "GET /favicon.ico HTTP/1.1" 200
2026-01-18 20:09:12.61 | INFO | 127.0.0.1:58569 - "GET /admin/api/v1/settings/ HTTP/1.1" 200
2026-01-18 20:09:12.62 | INFO | FakeWallet funding source is for using LNbits as a centralised, stand-alone payment system with brrrrrr.
2026-01-18 20:09:12.63 | INFO | 127.0.0.1:58573 - "GET /admin/api/v1/audit HTTP/1.1" 200
2026-01-18 20:09:14.27 | INFO | 127.0.0.1:58573 - "GET /service-worker.js HTTP/1.1" 200
2026-01-18 20:09:17.97 | INFO | 127.0.0.1:58580 - "GET /extensions HTTP/1.1" 200
2026-01-18 20:09:18.12 | INFO | 127.0.0.1:58580 - "GET /static/bundle.min.css?v=1768784935 HTTP/1.1" 304
2026-01-18 20:09:18.17 | INFO | 127.0.0.1:58583 - "GET /static/bundle.min.js?v=1768784935 HTTP/1.1" 304
2026-01-18 20:09:20.13 | INFO | 127.0.0.1:58583 - "GET /service-worker.js HTTP/1.1" 200
2026-01-18 20:09:27.24 | INFO | 127.0.0.1:58595 - "GET /api/v1/extension/tpos/releases HTTP/1.1" 200
2026-01-18 20:12:22.31 | INFO | Shutting down
2026-01-18 20:12:22.44 | INFO | Waiting for application shutdown.
2026-01-18 20:12:22.54 | INFO | Application shutdown complete.
2026-01-18 20:12:22.54 | INFO | Finished server process [63856]
